result code = -1
standard error = {
Tests/Diagnostics/parameter-already-defined.spire(4): error 30002: parameter 'a' already defined.
}
standard output = {
}
