result code = -1
standard error = {
Tests/Diagnostics/variable-void-type.spire(6): error 30009: invalid type 'void'.
}
standard output = {
}
