result code = -1
standard error = {
Tests/Diagnostics/while-predicate-type.spire(9): error 30010: 'while': expression must evaluate to int.
}
standard output = {
}
